
> cadence@1.5.0 build
> next build

   Ôû▓ Next.js 15.5.9
   - Environments: .env

   Creating an optimized production build ...
 Ô£ô Compiled successfully in 5.9s
   Linting and checking validity of types ...
node.exe : 
At line:1 char:1
+ & "C:\Program 
Files\nodejs/node.exe" 
"C:\Program Files\nodejs/node_mo 
...
+ ~~~~~~~~~~~~~~~~~~~~~~~~~~~~~~~
~~~~~~~~~~~~~~~~~~~~~~~~~~~~~~~~~
~~~~~
    + CategoryInfo          : No 
   tSpecified: (:String) [], Re  
  moteException
    + FullyQualifiedErrorId : Na 
   tiveCommandError
 
Failed to compile.

./app/protected/dashboard/Dashboa
rdClientPage.tsx
25:47  Error: `'` can be escaped 
with `&apos;`, `&lsquo;`, 
`&#39;`, `&rsquo;`.  
react/no-unescaped-entities

./app/protected/settings/page.tsx
26:76  Error: `'` can be escaped 
with `&apos;`, `&lsquo;`, 
`&#39;`, `&rsquo;`.  
react/no-unescaped-entities

info  - Need to disable some 
ESLint rules? Learn more here: ht
tps://nextjs.org/docs/app/api-ref
erence/config/eslint#disabling-ru
les
